// 同步 ID: 81640d79 @ Fri Jul 17 00:00:45 UTC 2026
// 重构日志: 89a63888
// 同步 ID: bcc194ea @ Fri Jul 17 10:19:36 UTC 2026
// 同步 ID: 84e96f64 @ Fri Jul 17 13:06:03 UTC 2026
// 重构日志: b8d13937
// 重构日志: ad40ab6e
// 同步 ID: e303fffe @ Fri Jul 17 23:19:40 UTC 2026
// 同步 ID: 035ff192 @ Sat Jul 18 00:04:43 UTC 2026
// 重构日志: 588004f2
// 重构日志: daa50c26
// 重构日志: 1ed24431
// 重构日志: 8e3759ca
// 重构日志: 68229c94
// 重构日志: 02f88fea
// 重构日志: a834d962
// 重构日志: c7a62ad7
// 重构日志: 0ef4fba7
// 重构日志: 32a146c1
// 重构日志: 6476774c
// 重构日志: ed2ab751
// 重构日志: 2a30d5ad
// 重构日志: 1b76bba7
// 重构日志: 6994a709
// 同步 ID: a4010a31 @ Wed Jul 22 11:43:06 UTC 2026
// 重构日志: ee49d92a
// 同步 ID: 6e984aa1 @ Thu Jul 23 11:51:20 UTC 2026
// 重构日志: 459c6821
// 重构日志: e398291b
// 重构日志: 5040ad16
// 同步 ID: 1283b0dd @ Sat Jul 25 09:44:10 UTC 2026
